538
of<>the<>9 27 40 
the<>ngp<>9 40 12 
n<>-<>7 7 22 
the<>nsp<>6 40 7 
on<>the<>5 8 40 
ngp<>is<>5 12 11 
-<>grams<>5 22 5 
in<>the<>4 14 40 
and<>the<>3 15 40 
-<>and<>3 22 15 
and<>their<>3 15 3 
to<>the<>3 12 40 
The<>N<>2 5 2 
cf<>-<>2 2 22 
of<>n<>2 27 7 
Ngram<>Statistics<>2 2 2 
does<>not<>2 2 2 
-<>gram<>2 22 2 
can<>be<>2 2 4 
is<>a<>2 11 9 
lists<>of<>2 2 27 
-<>Gram<>2 22 2 
Statistics<>Package<>2 2 2 
i<>e<>2 2 2 
statistics<>module<>2 3 2 
grams<>and<>2 3 15 
with<>the<>2 7 40 
as<>well<>2 5 3 
in<>section<>2 14 4 
The<>ngp<>2 5 12 
N<>-<>2 2 22 
possible<>to<>2 2 12 
Gram<>Processor<>2 2 2 
-<>Banerjee<>2 22 3 
-<>Roman<>1 22 1 
installations<>of<>1 1 27 
large<>r<>1 1 1 
it<>possible<>1 4 2 
its<>functions<>1 1 1 
ngp<>however<>1 12 1 
work<>on<>1 1 8 
typically<>be<>1 1 4 
vital<>importance<>1 1 1 
as<>follows<>1 5 1 
comments<>about<>1 1 1 
rudimentary<>understanding<>1 1 1 
data<>including<>1 5 1 
documents<>in<>1 1 14 
be<>provided<>1 4 1 
corpus<>linguistic<>1 2 1 
overall<>frequency<>1 1 2 
X<>through<>1 1 1 
relatively<>low<>1 1 1 
the<>main<>1 40 1 
4<>Section<>1 1 1 
as<>an<>1 5 2 
line<>interface<>1 1 1 
reader<>to<>1 1 12 
creation<>and<>1 1 15 
Package<>nsp<>1 2 7 
processing<>of<>1 1 27 
2003a<>-<>1 1 22 
is<>and<>1 11 15 
open<>-<>1 1 22 
frequencies<>out<>1 1 1 
users<>will<>1 1 3 
useful<>as<>1 1 5 
is<>of<>1 11 27 
listed<>n<>1 1 7 
the<>focus<>1 40 1 
such<>matters<>1 2 1 
a<>rudimentary<>1 9 1 
of<>relatively<>1 27 1 
by<>Ted<>1 2 1 
is<>accessed<>1 11 1 
Some<>more<>1 1 1 
exactly<>mirror<>1 1 1 
statistical<>measures<>1 1 1 
word<>n<>1 1 7 
script<>Also<>1 1 1 
burstiness<>The<>1 1 4 
their<>burstiness<>1 3 1 
may<>find<>1 1 1 
established<>Ngram<>1 1 2 
the<>sort<>1 40 1 
the<>calculation<>1 40 1 
though<>under<>1 1 1 
what<>the<>1 1 40 
shares<>a<>1 1 9 
to<>track<>1 12 1 
between<>the<>1 1 40 
the<>reader<>1 40 1 
expressions<>i<>1 1 2 
by<>Bjoern<>1 2 1 
how<>to<>1 2 12 
supercomputers<>personal<>1 1 1 
matters<>This<>1 1 2 
but<>others<>1 1 1 
their<>frequencies<>1 3 1 
code<>base<>1 1 1 
my<>PhD<>1 1 1 
of<>statistical<>1 27 1 
e<>the<>1 2 40 
soft<>-<>1 1 22 
well<>This<>1 3 2 
association<>of<>1 1 27 
enough<>to<>1 1 12 
application<>Terminal<>1 1 1 
gram<>list<>1 2 1 
Processor<>ngp<>1 2 12 
will<>introduce<>1 3 1 
a<>UNIX<>1 9 1 
output<>data<>1 2 5 
For<>the<>1 1 40 
frequency<>which<>1 2 3 
the<>history<>1 40 1 
gram<>occurs<>1 2 1 
see<>section<>1 1 4 
branch<>of<>1 1 27 
is<>structured<>1 11 1 
of<>documents<>1 27 1 
benefit<>of<>1 1 27 
hence<>the<>1 1 40 
files<>Its<>1 1 1 
It<>is<>1 2 11 
-<>source<>1 22 1 
out<>of<>1 1 27 
Its<>users<>1 1 1 
nsp<>statistics<>1 7 3 
and<>on<>1 15 8 
of<>listed<>1 27 1 
Banerjee<>2003<>1 3 1 
Roman<>script<>1 1 1 
background<>to<>1 1 12 
given<>covering<>1 1 1 
understanding<>of<>1 1 27 
using<>a<>1 3 9 
the<>distribution<>1 40 1 
module<>though<>1 2 1 
and<>does<>1 15 2 
to<>overall<>1 12 1 
personal<>computers<>1 1 1 
a<>entirely<>1 9 1 
are<>introduced<>1 2 1 
track<>document<>1 1 1 
package<>which<>1 2 3 
the<>well<>1 40 3 
module<>on<>1 2 8 
for<>assessing<>1 1 1 
two<>software<>1 1 3 
as<>is<>1 5 11 
diachronic<>change<>1 1 1 
Processor<>The<>1 2 4 
be<>achieved<>1 4 1 
which<>produces<>1 3 1 
terms<>of<>1 1 27 
will<>be<>1 3 4 
linguistic<>methods<>1 1 1 
Terminal<>so<>1 1 1 
the<>guide<>1 40 3 
1<>09<>1 2 1 
structured<>as<>1 1 5 
of<>multilingual<>1 27 1 
the<>name<>1 40 1 
section<>some<>1 4 2 
more<>advanced<>1 1 1 
frequency<>i<>1 2 2 
package<>and<>1 2 15 
that<>can<>1 3 2 
produce<>lists<>1 1 2 
a<>branch<>1 9 1 
be<>got<>1 4 1 
Introduction<>to<>1 1 12 
about<>n<>1 1 7 
an<>n<>1 2 7 
of<>data<>1 27 5 
nsp<>on<>1 7 8 
and<>collaborators<>1 15 1 
that<>exactly<>1 3 1 
operation<>are<>1 2 2 
features<>and<>1 2 15 
whereas<>the<>1 1 40 
data<>written<>1 5 1 
Pedersen<>Satanjeev<>1 1 1 
with<>installations<>1 7 1 
data<>see<>1 5 1 
linguists<>working<>1 1 1 
lie<>in<>1 1 14 
and<>1<>1 15 2 
to<>supercomputers<>1 12 1 
through<>the<>1 1 40 
requirements<>in<>1 1 14 
of<>association<>1 27 1 
familiar<>with<>1 1 7 
This<>guide<>1 2 3 
of<>how<>1 27 2 
the<>two<>1 40 1 
their<>operation<>1 3 2 
Also<>the<>1 1 40 
the<>Ngram<>1 40 2 
the<>ability<>1 40 1 
entirely<>separate<>1 1 1 
focuses<>on<>1 1 8 
a<>statistics<>1 9 3 
settings<>are<>1 2 2 
of<>text<>1 27 1 
assumes<>basic<>1 1 2 
3<>using<>1 1 3 
calculation<>of<>1 1 27 
-<>like<>1 22 1 
to<>produce<>1 12 1 
the<>code<>1 40 1 
with<>a<>1 7 9 
or<>OS<>1 1 1 
of<>soft<>1 27 1 
codebase<>of<>1 1 27 
version<>1<>1 1 2 
how<>it<>1 2 4 
however<>is<>1 1 11 
guide<>concludes<>1 3 1 
particular<>n<>1 1 7 
the<>statistics<>1 40 3 
section<>5<>1 4 2 
nsp<>and<>1 7 15 
are<>used<>1 2 1 
the<>application<>1 40 1 
in<>humanities<>1 14 1 
main<>differences<>1 1 1 
it<>works<>1 4 1 
brief<>guide<>1 1 3 
OS<>X<>1 1 1 
multilingual<>data<>1 1 5 
with<>that<>1 7 3 
software<>package<>1 3 2 
addition<>to<>1 1 12 
write<>of<>1 1 27 
nsp<>the<>1 7 40 
language<>using<>1 1 3 
functions<>useful<>1 1 1 
system<>and<>1 1 15 
minimal<>guidance<>1 1 1 
that<>project<>1 3 1 
ngp<>as<>1 12 5 
covering<>the<>1 1 40 
accessed<>in<>1 1 14 
of<>particular<>1 27 1 
hardware<>and<>1 1 15 
09<>by<>1 1 2 
final<>comments<>1 1 1 
compared<>to<>1 1 12 
the<>processing<>1 40 1 
and<>a<>1 15 9 
The<>key<>1 5 2 
assessing<>the<>1 1 40 
2003<>-<>1 1 22 
thesis<>to<>1 1 12 
working<>with<>1 1 7 
change<>in<>1 1 14 
corpus<>data<>1 2 5 
sort<>of<>1 1 27 
10<>a<>1 1 9 
free<>software<>1 1 3 
of<>those<>1 27 1 
next<>section<>1 1 4 
introduce<>the<>1 1 40 
interface<>such<>1 1 2 
ngp<>does<>1 12 2 
portion<>of<>1 1 27 
separate<>package<>1 1 2 
Wilmsmann<>cf<>1 2 2 
formulaic<>language<>1 1 1 
well<>as<>1 3 5 
using<>examples<>1 3 1 
course<>of<>1 1 27 
of<>in<>1 27 14 
in<>terms<>1 14 1 
nsp<>identical<>1 7 1 
got<>hold<>1 1 1 
thus<>shares<>1 1 1 
ngp<>was<>1 12 1 
well<>-<>1 3 22 
Instead<>it<>1 1 4 
is<>now<>1 11 1 
achieved<>The<>1 1 4 
features<>of<>1 2 27 
5<>Instead<>1 2 1 
-<>spec<>1 22 1 
feature<>of<>1 1 27 
low<>-<>1 1 22 
UNIX<>-<>1 1 22 
operation<>of<>1 2 27 
spec<>compared<>1 1 1 
not<>include<>1 2 1 
me<>study<>1 1 1 
together<>during<>1 1 1 
on<>output<>1 8 2 
the<>number<>1 40 1 
it<>is<>1 4 11 
with<>some<>1 7 2 
simple<>enough<>1 1 1 
methods<>but<>1 1 1 
guidance<>will<>1 1 3 
on<>such<>1 8 2 
in<>formulaic<>1 14 1 
the<>next<>1 40 1 
study<>diachronic<>1 1 1 
task<>of<>1 1 27 
measures<>of<>1 1 27 
in<>which<>1 14 3 
non<>-<>1 1 22 
including<>data<>1 1 5 
settings<>in<>1 2 14 
of<>word<>1 27 1 
distribution<>of<>1 1 27 
is<>possible<>1 11 2 
command<>line<>1 1 1 
Wilmsmann<>2007<>1 2 1 
is<>given<>1 11 1 
history<>on<>1 1 8 
software<>packages<>1 3 1 
key<>features<>1 2 2 
in<>Linux<>1 14 1 
introduction<>to<>1 1 12 
interfere<>with<>1 1 7 
the<>course<>1 40 1 
information<>requirements<>1 1 1 
others<>may<>1 1 1 
text<>files<>1 1 1 
operating<>system<>1 1 1 
and<>processes<>1 15 1 
a<>open<>1 9 1 
ngp<>Installation<>1 12 1 
certain<>circumstances<>1 1 1 
on<>my<>1 8 1 
Satanjeev<>Banerjee<>1 1 3 
find<>its<>1 1 1 
It<>assumes<>1 2 1 
data<>on<>1 5 8 
If<>settings<>1 1 2 
This<>brief<>1 2 1 
such<>as<>1 2 5 
include<>a<>1 1 9 
to<>run<>1 12 1 
already<>familiar<>1 1 1 
name<>whereas<>1 1 1 
under<>certain<>1 1 1 
advanced<>features<>1 1 2 
Ted<>Pedersen<>1 1 1 
specifically<>version<>1 1 1 
packages<>lie<>1 1 1 
nsp<>by<>1 7 2 
computers<>that<>1 1 3 
Banerjee<>2003a<>1 3 1 
follows<>in<>1 1 14 
concludes<>with<>1 1 7 
use<>the<>1 1 40 
compatibility<>with<>1 1 7 
a<>command<>1 9 1 
examples<>Some<>1 1 1 
ngp<>The<>1 12 4 
base<>with<>1 1 7 
provided<>on<>1 1 8 
shown<>in<>1 1 14 
so<>only<>1 1 1 
grams<>hence<>1 3 1 
like<>operating<>1 1 1 
hold<>of<>1 1 27 
be<>linguists<>1 4 1 
not<>interfere<>1 2 1 
circumstances<>it<>1 1 4 
ability<>to<>1 1 12 
which<>is<>1 3 11 
only<>minimal<>1 1 1 
re<>-<>1 1 22 
in<>non<>1 14 1 
humanities<>departments<>1 1 1 
identical<>output<>1 1 2 
section<>4<>1 4 1 
to<>use<>1 12 1 
5<>discusses<>1 2 1 
-<>Wilmsmann<>1 22 2 
was<>put<>1 1 1 
significant<>portion<>1 1 1 
1<>10<>1 2 1 
of<>work<>1 27 1 
Linux<>or<>1 1 1 
put<>together<>1 1 1 
section<>3<>1 4 1 
output<>can<>1 2 2 
amounts<>of<>1 1 27 
is<>shown<>1 11 1 
makes<>it<>1 1 4 
the<>key<>1 40 2 
common<>expressions<>1 1 1 
project<>specifically<>1 1 1 
the<>codebase<>1 40 1 
in<>addition<>1 14 1 
help<>me<>1 1 1 
and<>how<>1 15 2 
-<>established<>1 22 1 
to<>help<>1 12 1 
r<>amounts<>1 1 1 
Banerjee<>and<>1 3 15 
Bjoern<>Wilmsmann<>1 1 2 
the<>basic<>1 40 2 
used<>that<>1 1 3 
which<>an<>1 3 2 
produces<>and<>1 1 15 
-<>write<>1 22 1 
data<>It<>1 5 2 
software<>using<>1 3 3 
key<>feature<>1 2 1 
the<>task<>1 40 1 
Package<>-<>1 2 22 
now<>a<>1 1 9 
2007<>-<>1 1 22 
guide<>is<>1 3 11 
occurs<>in<>1 1 14 
processes<>lists<>1 1 2 
an<>introduction<>1 2 1 
those<>already<>1 1 1 
basic<>familiarity<>1 2 1 
will<>typically<>1 3 1 
a<>significant<>1 9 1 
in<>common<>1 14 1 
nsp<>For<>1 7 1 
to<>what<>1 12 1 
collaborators<>cf<>1 1 2 
process<>large<>1 1 1 
number<>of<>1 1 27 
statistics<>in<>1 3 14 
list<>creation<>1 1 1 
works<>It<>1 1 2 
with<>corpus<>1 7 2 
e<>in<>1 2 14 
to<>process<>1 12 1 
document<>frequency<>1 1 2 
is<>simple<>1 11 1 
during<>the<>1 1 40 
PhD<>thesis<>1 1 1 
differences<>between<>1 1 1 
mirror<>settings<>1 1 2 
the<>benefit<>1 40 1 
Section<>5<>1 1 2 
and<>thus<>1 15 1 
written<>in<>1 1 14 
focus<>of<>1 1 27 
importance<>for<>1 1 1 
a<>re<>1 9 1 
familiarity<>with<>1 1 7 
source<>free<>1 1 1 
-<>If<>1 22 1 
using<>corpus<>1 3 2 
basic<>operation<>1 2 2 
run<>software<>1 1 3 
some<>final<>1 2 1 
ngp<>focuses<>1 12 1 
some<>background<>1 2 1 
of<>vital<>1 27 1 
introduced<>in<>1 1 14 
and<>hardware<>1 15 1 
it<>makes<>1 4 1 
discusses<>compatibility<>1 1 1 
departments<>and<>1 1 15 
guide<>will<>1 3 3 
Installation<>information<>1 1 1 
