225
the·ngp·5 
ngp·is·4 
and·the·3 
n·-·3 
of·the·3 
as·well·2 
The·N·2 
to·the·2 
and·their·2 
Gram·Processor·2 
-·Gram·2 
in·section·2 
-·grams·2 
N·-·2 
-·and·2 
with·corpus·1 
follows·in·1 
operating·system·1 
but·others·1 
given·covering·1 
requirements·in·1 
basic·familiarity·1 
package·which·1 
such·matters·1 
Some·more·1 
familiarity·with·1 
processes·lists·1 
creation·and·1 
the·guide·1 
ngp·as·1 
concludes·with·1 
through·the·1 
gram·list·1 
an·introduction·1 
section·some·1 
such·as·1 
will·typically·1 
5·discusses·1 
Ngram·Statistics·1 
is·accessed·1 
reader·to·1 
next·section·1 
is·structured·1 
with·a·1 
be·linguists·1 
codebase·of·1 
its·functions·1 
users·will·1 
and·hardware·1 
line·interface·1 
of·how·1 
the·codebase·1 
as·an·1 
Installation·information·1 
introduced·in·1 
-·like·1 
in·terms·1 
or·OS·1 
command·line·1 
a·command·1 
guidance·will·1 
find·its·1 
-·source·1 
their·frequencies·1 
using·examples·1 
Processor·ngp·1 
well·as·1 
working·with·1 
like·operating·1 
with·some·1 
files·Its·1 
interface·such·1 
run·software·1 
the·next·1 
3·using·1 
matters·This·1 
methods·but·1 
background·to·1 
This·guide·1 
free·software·1 
only·minimal·1 
OS·X·1 
task·of·1 
terms·of·1 
grams·and·1 
on·such·1 
section·4·1 
of·n·1 
in·the·1 
guide·will·1 
structured·as·1 
corpus·linguistic·1 
some·final·1 
discusses·compatibility·1 
on·the·1 
system·and·1 
Its·users·1 
will·be·1 
using·a·1 
Linux·or·1 
Section·5·1 
and·a·1 
software·package·1 
as·follows·1 
in·Linux·1 
source·free·1 
lists·of·1 
a·UNIX·1 
Banerjee·2003a·1 
out·of·1 
key·features·1 
as·is·1 
the·task·1 
compatibility·with·1 
It·assumes·1 
features·and·1 
This·brief·1 
what·the·1 
the·key·1 
which·produces·1 
open·-·1 
X·through·1 
linguists·working·1 
covering·the·1 
-·Banerjee·1 
Package·-·1 
more·advanced·1 
of·word·1 
guide·is·1 
brief·guide·1 
how·to·1 
the·application·1 
is·shown·1 
how·it·1 
introduce·the·1 
be·provided·1 
a·rudimentary·1 
Terminal·so·1 
the·Ngram·1 
UNIX·-·1 
-·gram·1 
to·run·1 
about·n·1 
assumes·basic·1 
to·what·1 
some·background·1 
section·3·1 
basic·operation·1 
it·works·1 
and·how·1 
word·n·1 
hardware·and·1 
history·on·1 
4·Section·1 
may·find·1 
minimal·guidance·1 
guide·concludes·1 
Statistics·Package·1 
features·of·1 
list·creation·1 
functions·useful·1 
others·may·1 
of·text·1 
final·comments·1 
a·open·1 
of·soft·1 
text·files·1 
ngp·Installation·1 
rudimentary·understanding·1 
typically·be·1 
comments·about·1 
so·only·1 
application·Terminal·1 
understanding·of·1 
is·given·1 
introduction·to·1 
the·basic·1 
soft·-·1 
and·processes·1 
software·using·1 
operation·are·1 
produces·and·1 
provided·on·1 
examples·Some·1 
are·introduced·1 
linguistic·methods·1 
is·a·1 
well·This·1 
the·history·1 
2003a·-·1 
useful·as·1 
accessed·in·1 
their·operation·1 
frequencies·out·1 
is·and·1 
shown·in·1 
operation·of·1 
advanced·features·1 
the·reader·1 
information·requirements·1 
with·the·1 
will·introduce·1 
