213
lists<>of<>word<>n<>-<>grams<>1 
the<>reader<>to<>what<>the<>ngp<>1 
Gram<>Processor<>ngp<>is<>a<>open<>1 
ngp<>is<>given<>covering<>the<>history<>1 
as<>an<>introduction<>to<>the<>task<>1 
as<>well<>This<>brief<>guide<>will<>1 
the<>basic<>operation<>of<>the<>ngp<>1 
section<>some<>background<>to<>the<>ngp<>1 
list<>creation<>and<>the<>key<>features<>1 
minimal<>guidance<>will<>be<>provided<>on<>1 
methods<>but<>others<>may<>find<>its<>1 
are<>introduced<>in<>section<>4<>Section<>1 
and<>a<>rudimentary<>understanding<>of<>how<>1 
but<>others<>may<>find<>its<>functions<>1 
more<>advanced<>features<>and<>their<>operation<>1 
-<>and<>the<>guide<>concludes<>with<>1 
history<>on<>the<>codebase<>of<>the<>1 
processes<>lists<>of<>word<>n<>-<>1 
shown<>in<>section<>3<>using<>examples<>1 
corpus<>linguistic<>methods<>but<>others<>may<>1 
accessed<>in<>Linux<>or<>OS<>X<>1 
follows<>in<>the<>next<>section<>some<>1 
a<>command<>line<>interface<>such<>as<>1 
background<>to<>the<>ngp<>is<>given<>1 
2003a<>-<>and<>the<>guide<>concludes<>1 
functions<>useful<>as<>well<>This<>brief<>1 
to<>run<>software<>using<>a<>command<>1 
text<>files<>Its<>users<>will<>typically<>1 
Its<>users<>will<>typically<>be<>linguists<>1 
and<>the<>key<>features<>of<>the<>1 
others<>may<>find<>its<>functions<>useful<>1 
free<>software<>package<>which<>produces<>and<>1 
using<>examples<>Some<>more<>advanced<>features<>1 
The<>N<>-<>Gram<>Processor<>ngp<>1 
understanding<>of<>how<>to<>run<>software<>1 
is<>accessed<>in<>Linux<>or<>OS<>1 
of<>word<>n<>-<>grams<>and<>1 
Package<>-<>Banerjee<>2003a<>-<>and<>1 
features<>and<>their<>operation<>are<>introduced<>1 
the<>ngp<>is<>and<>how<>it<>1 
Ngram<>Statistics<>Package<>-<>Banerjee<>2003a<>1 
Processor<>ngp<>is<>a<>open<>-<>1 
the<>key<>features<>of<>the<>ngp<>1 
only<>minimal<>guidance<>will<>be<>provided<>1 
operation<>of<>the<>ngp<>is<>shown<>1 
and<>processes<>lists<>of<>word<>n<>1 
operation<>are<>introduced<>in<>section<>4<>1 
Linux<>or<>OS<>X<>through<>the<>1 
the<>application<>Terminal<>so<>only<>minimal<>1 
well<>This<>brief<>guide<>will<>introduce<>1 
open<>-<>source<>free<>software<>package<>1 
word<>n<>-<>grams<>and<>their<>1 
provided<>on<>such<>matters<>This<>guide<>1 
-<>like<>operating<>system<>and<>a<>1 
users<>will<>typically<>be<>linguists<>working<>1 
-<>and<>hardware<>and<>the<>basic<>1 
UNIX<>-<>like<>operating<>system<>and<>1 
Some<>more<>advanced<>features<>and<>their<>1 
reader<>to<>what<>the<>ngp<>is<>1 
given<>covering<>the<>history<>on<>the<>1 
ngp<>is<>a<>open<>-<>source<>1 
is<>given<>covering<>the<>history<>on<>1 
introduce<>the<>reader<>to<>what<>the<>1 
source<>free<>software<>package<>which<>produces<>1 
what<>the<>ngp<>is<>and<>how<>1 
run<>software<>using<>a<>command<>line<>1 
-<>grams<>and<>their<>frequencies<>out<>1 
N<>-<>Gram<>Processor<>ngp<>is<>1 
operating<>system<>and<>a<>rudimentary<>understanding<>1 
in<>the<>next<>section<>some<>background<>1 
with<>some<>final<>comments<>about<>n<>1 
Installation<>information<>requirements<>in<>terms<>of<>1 
to<>what<>the<>ngp<>is<>and<>1 
system<>and<>a<>rudimentary<>understanding<>of<>1 
is<>a<>open<>-<>source<>free<>1 
and<>hardware<>and<>the<>basic<>operation<>1 
grams<>and<>their<>frequencies<>out<>of<>1 
through<>the<>application<>Terminal<>so<>only<>1 
command<>line<>interface<>such<>as<>is<>1 
soft<>-<>and<>hardware<>and<>the<>1 
codebase<>of<>the<>ngp<>as<>well<>1 
such<>matters<>This<>guide<>is<>structured<>1 
OS<>X<>through<>the<>application<>Terminal<>1 
and<>the<>guide<>concludes<>with<>some<>1 
will<>introduce<>the<>reader<>to<>what<>1 
4<>Section<>5<>discusses<>compatibility<>with<>1 
some<>final<>comments<>about<>n<>-<>1 
in<>terms<>of<>soft<>-<>and<>1 
information<>requirements<>in<>terms<>of<>soft<>1 
to<>the<>task<>of<>n<>-<>1 
their<>frequencies<>out<>of<>text<>files<>1 
software<>package<>which<>produces<>and<>processes<>1 
introduced<>in<>section<>4<>Section<>5<>1 
ngp<>Installation<>information<>requirements<>in<>terms<>1 
produces<>and<>processes<>lists<>of<>word<>1 
is<>structured<>as<>follows<>in<>the<>1 
of<>the<>ngp<>Installation<>information<>requirements<>1 
features<>of<>the<>ngp<>Installation<>information<>1 
using<>a<>command<>line<>interface<>such<>1 
introduction<>to<>the<>task<>of<>n<>1 
as<>follows<>in<>the<>next<>section<>1 
well<>as<>an<>introduction<>to<>the<>1 
This<>guide<>is<>structured<>as<>follows<>1 
in<>section<>3<>using<>examples<>Some<>1 
typically<>be<>linguists<>working<>with<>corpus<>1 
and<>the<>basic<>operation<>of<>the<>1 
and<>their<>frequencies<>out<>of<>text<>1 
ngp<>as<>well<>as<>an<>introduction<>1 
be<>provided<>on<>such<>matters<>This<>1 
on<>the<>codebase<>of<>the<>ngp<>1 
section<>4<>Section<>5<>discusses<>compatibility<>1 
n<>-<>gram<>list<>creation<>and<>1 
the<>ngp<>as<>well<>as<>an<>1 
familiarity<>with<>a<>UNIX<>-<>like<>1 
3<>using<>examples<>Some<>more<>advanced<>1 
-<>gram<>list<>creation<>and<>the<>1 
line<>interface<>such<>as<>is<>accessed<>1 
the<>ngp<>is<>given<>covering<>the<>1 
the<>ngp<>Installation<>information<>requirements<>in<>1 
the<>next<>section<>some<>background<>to<>1 
the<>history<>on<>the<>codebase<>of<>1 
application<>Terminal<>so<>only<>minimal<>guidance<>1 
final<>comments<>about<>n<>-<>grams<>1 
and<>their<>operation<>are<>introduced<>in<>1 
the<>codebase<>of<>the<>ngp<>as<>1 
which<>produces<>and<>processes<>lists<>of<>1 
gram<>list<>creation<>and<>the<>key<>1 
ngp<>is<>shown<>in<>section<>3<>1 
task<>of<>n<>-<>gram<>list<>1 
Terminal<>so<>only<>minimal<>guidance<>will<>1 
matters<>This<>guide<>is<>structured<>as<>1 
the<>guide<>concludes<>with<>some<>final<>1 
the<>task<>of<>n<>-<>gram<>1 
basic<>familiarity<>with<>a<>UNIX<>-<>1 
compatibility<>with<>the<>Ngram<>Statistics<>Package<>1 
find<>its<>functions<>useful<>as<>well<>1 
next<>section<>some<>background<>to<>the<>1 
of<>how<>to<>run<>software<>using<>1 
to<>the<>ngp<>is<>given<>covering<>1 
frequencies<>out<>of<>text<>files<>Its<>1 
their<>operation<>are<>introduced<>in<>section<>1 
n<>-<>grams<>and<>their<>frequencies<>1 
package<>which<>produces<>and<>processes<>lists<>1 
guide<>will<>introduce<>the<>reader<>to<>1 
5<>discusses<>compatibility<>with<>the<>Ngram<>1 
as<>well<>as<>an<>introduction<>to<>1 
interface<>such<>as<>is<>accessed<>in<>1 
rudimentary<>understanding<>of<>how<>to<>run<>1 
working<>with<>corpus<>linguistic<>methods<>but<>1 
brief<>guide<>will<>introduce<>the<>reader<>1 
the<>ngp<>is<>shown<>in<>section<>1 
be<>linguists<>working<>with<>corpus<>linguistic<>1 
requirements<>in<>terms<>of<>soft<>-<>1 
on<>such<>matters<>This<>guide<>is<>1 
guide<>is<>structured<>as<>follows<>in<>1 
a<>open<>-<>source<>free<>software<>1 
in<>Linux<>or<>OS<>X<>through<>1 
like<>operating<>system<>and<>a<>rudimentary<>1 
will<>be<>provided<>on<>such<>matters<>1 
advanced<>features<>and<>their<>operation<>are<>1 
Section<>5<>discusses<>compatibility<>with<>the<>1 
guide<>concludes<>with<>some<>final<>comments<>1 
Banerjee<>2003a<>-<>and<>the<>guide<>1 
basic<>operation<>of<>the<>ngp<>is<>1 
of<>text<>files<>Its<>users<>will<>1 
how<>to<>run<>software<>using<>a<>1 
an<>introduction<>to<>the<>task<>of<>1 
out<>of<>text<>files<>Its<>users<>1 
concludes<>with<>some<>final<>comments<>about<>1 
Statistics<>Package<>-<>Banerjee<>2003a<>-<>1 
useful<>as<>well<>This<>brief<>guide<>1 
It<>assumes<>basic<>familiarity<>with<>a<>1 
guidance<>will<>be<>provided<>on<>such<>1 
terms<>of<>soft<>-<>and<>hardware<>1 
This<>brief<>guide<>will<>introduce<>the<>1 
key<>features<>of<>the<>ngp<>Installation<>1 
ngp<>is<>and<>how<>it<>works<>1 
of<>the<>ngp<>is<>shown<>in<>1 
structured<>as<>follows<>in<>the<>next<>1 
X<>through<>the<>application<>Terminal<>so<>1 
discusses<>compatibility<>with<>the<>Ngram<>Statistics<>1 
so<>only<>minimal<>guidance<>will<>be<>1 
will<>typically<>be<>linguists<>working<>with<>1 
in<>section<>4<>Section<>5<>discusses<>1 
a<>rudimentary<>understanding<>of<>how<>to<>1 
creation<>and<>the<>key<>features<>of<>1 
covering<>the<>history<>on<>the<>codebase<>1 
linguistic<>methods<>but<>others<>may<>find<>1 
such<>as<>is<>accessed<>in<>Linux<>1 
-<>source<>free<>software<>package<>which<>1 
a<>UNIX<>-<>like<>operating<>system<>1 
of<>the<>ngp<>as<>well<>as<>1 
assumes<>basic<>familiarity<>with<>a<>UNIX<>1 
is<>shown<>in<>section<>3<>using<>1 
-<>Banerjee<>2003a<>-<>and<>the<>1 
with<>a<>UNIX<>-<>like<>operating<>1 
with<>corpus<>linguistic<>methods<>but<>others<>1 
examples<>Some<>more<>advanced<>features<>and<>1 
may<>find<>its<>functions<>useful<>as<>1 
of<>n<>-<>gram<>list<>creation<>1 
-<>Gram<>Processor<>ngp<>is<>a<>1 
or<>OS<>X<>through<>the<>application<>1 
with<>the<>Ngram<>Statistics<>Package<>-<>1 
of<>soft<>-<>and<>hardware<>and<>1 
files<>Its<>users<>will<>typically<>be<>1 
as<>is<>accessed<>in<>Linux<>or<>1 
linguists<>working<>with<>corpus<>linguistic<>methods<>1 
its<>functions<>useful<>as<>well<>This<>1 
section<>3<>using<>examples<>Some<>more<>1 
the<>Ngram<>Statistics<>Package<>-<>Banerjee<>1 
software<>using<>a<>command<>line<>interface<>1 
some<>background<>to<>the<>ngp<>is<>1 
hardware<>and<>the<>basic<>operation<>of<>1 
