524
n·-·grams·5 
the·ngp·is·4 
of·the·ngp·4 
of·the·nsp·3 
n·-·gram·2 
to·the·ngp·2 
Ngram·Statistics·Package·2 
of·n·-·2 
N·-·Gram·2 
-·grams·and·2 
grams·and·their·2 
The·N·-·2 
-·Gram·Processor·2 
corpus·data·It·1 
key·feature·of·1 
section·3·using·1 
hold·of·in·1 
the·nsp·statistics·1 
certain·circumstances·it·1 
separate·package·and·1 
in·the·nsp·1 
may·find·its·1 
and·thus·shares·1 
the·guide·concludes·1 
-·write·of·1 
frequency·i·e·1 
on·the·sort·1 
focuses·on·the·1 
can·be·achieved·1 
output·can·be·1 
distribution·of·particular·1 
on·output·data·1 
the·nsp·For·1 
structured·as·follows·1 
history·on·the·1 
cf·-·Wilmsmann·1 
key·features·of·1 
now·a·entirely·1 
e·in·formulaic·1 
as·an·introduction·1 
established·Ngram·Statistics·1 
hardware·and·the·1 
Package·-·Banerjee·1 
the·history·on·1 
module·on·output·1 
be·provided·on·1 
listed·n·-·1 
the·two·software·1 
2003a·-·and·1 
which·an·n·1 
and·does·not·1 
work·on·my·1 
next·section·some·1 
track·document·frequency·1 
see·section·5·1 
matters·This·guide·1 
source·free·software·1 
two·software·packages·1 
those·already·familiar·1 
to·run·software·1 
benefit·of·those·1 
processes·lists·of·1 
be·achieved·The·1 
line·interface·such·1 
of·the·well·1 
Banerjee·2003a·-·1 
however·is·now·1 
base·with·that·1 
project·specifically·version·1 
by·Ted·Pedersen·1 
The·key·feature·1 
the·ngp·Installation·1 
in·non·-·1 
possible·to·track·1 
to·what·the·1 
will·introduce·the·1 
-·gram·occurs·1 
on·my·PhD·1 
to·process·large·1 
will·typically·be·1 
calculation·of·statistical·1 
Satanjeev·Banerjee·and·1 
statistics·in·the·1 
the·ngp·focuses·1 
departments·and·on·1 
on·such·matters·1 
to·produce·lists·1 
the·ngp·does·1 
information·requirements·in·1 
Terminal·so·only·1 
amounts·of·data·1 
written·in·non·1 
of·documents·in·1 
lists·of·n·1 
with·a·UNIX·1 
such·as·is·1 
version·1·09·1 
study·diachronic·change·1 
and·the·basic·1 
in·which·an·1 
that·project·specifically·1 
circumstances·it·is·1 
others·may·find·1 
the·name·whereas·1 
focus·of·the·1 
be·got·hold·1 
typically·be·linguists·1 
Statistics·Package·-·1 
the·next·section·1 
section·4·Section·1 
sort·of·relatively·1 
of·work·on·1 
or·OS·X·1 
the·focus·of·1 
main·differences·between·1 
used·that·exactly·1 
a·statistics·module·1 
ngp·as·well·1 
the·nsp·on·1 
data·It·is·1 
documents·in·which·1 
processing·of·multilingual·1 
Installation·information·requirements·1 
and·their·frequencies·1 
follows·in·the·1 
Also·the·ngp·1 
Wilmsmann·cf·-·1 
feature·of·the·1 
Some·more·advanced·1 
using·examples·Some·1 
produces·and·processes·1 
Package·nsp·and·1 
during·the·course·1 
text·files·Its·1 
about·n·-·1 
section·some·background·1 
statistics·module·though·1 
of·particular·n·1 
data·written·in·1 
the·Ngram·Statistics·1 
its·functions·useful·1 
does·not·include·1 
diachronic·change·in·1 
requirements·in·terms·1 
humanities·departments·and·1 
package·and·does·1 
assessing·the·distribution·1 
of·relatively·low·1 
-·and·1·1 
as·is·accessed·1 
process·large·r·1 
that·exactly·mirror·1 
code·base·with·1 
a·entirely·separate·1 
the·sort·of·1 
ngp·however·is·1 
with·the·Ngram·1 
portion·of·the·1 
2003·-·and·1 
a·command·line·1 
Gram·Processor·ngp·1 
already·familiar·with·1 
interfere·with·installations·1 
introduce·the·reader·1 
basic·operation·of·1 
vital·importance·for·1 
more·advanced·features·1 
mirror·settings·in·1 
familiarity·with·a·1 
application·Terminal·so·1 
which·produces·and·1 
-·established·Ngram·1 
functions·useful·as·1 
a·open·-·1 
be·linguists·working·1 
a·rudimentary·understanding·1 
personal·computers·that·1 
supercomputers·personal·computers·1 
users·will·typically·1 
assumes·basic·familiarity·1 
thus·shares·a·1 
guide·will·introduce·1 
ngp·is·a·1 
compared·to·supercomputers·1 
shares·a·significant·1 
number·of·documents·1 
is·accessed·in·1 
the·calculation·of·1 
overall·frequency·which·1 
features·and·their·1 
multilingual·data·including·1 
and·the·guide·1 
is·structured·as·1 
09·by·Ted·1 
task·of·n·1 
got·hold·of·1 
achieved·The·ngp·1 
out·of·text·1 
branch·of·the·1 
with·that·project·1 
Introduction·to·the·1 
ngp·Installation·information·1 
of·text·files·1 
well·as·an·1 
the·codebase·of·1 
exactly·mirror·settings·1 
command·line·interface·1 
help·me·study·1 
reader·to·what·1 
e·the·number·1 
Wilmsmann·2007·-·1 
of·in·humanities·1 
1·10·a·1 
-·source·free·1 
in·Linux·or·1 
-·spec·compared·1 
a·branch·of·1 
useful·as·well·1 
on·the·calculation·1 
my·PhD·thesis·1 
to·overall·frequency·1 
addition·to·overall·1 
and·on·the·1 
spec·compared·to·1 
the·benefit·of·1 
by·Bjoern·Wilmsmann·1 
does·not·interfere·1 
using·corpus·data·1 
me·study·diachronic·1 
Its·users·will·1 
-·like·operating·1 
-·Wilmsmann·2007·1 
the·basic·operation·1 
free·software·package·1 
not·include·a·1 
with·installations·of·1 
it·is·possible·1 
the·nsp·by·1 
module·though·under·1 
run·software·using·1 
interface·such·as·1 
section·5·Instead·1 
r·amounts·of·1 
ability·to·process·1 
with·corpus·linguistic·1 
familiar·with·the·1 
files·Its·users·1 
provided·on·such·1 
non·-·Roman·1 
4·Section·5·1 
is·simple·enough·1 
-·grams·hence·1 
use·the·nsp·1 
output·data·see·1 
including·data·written·1 
grams·hence·the·1 
and·their·operation·1 
for·assessing·the·1 
settings·in·the·1 
the·well·-·1 
and·1·10·1 
importance·for·assessing·1 
ngp·is·shown·1 
is·of·vital·1 
in·the·name·1 
in·addition·to·1 
introduced·in·section·1 
concludes·with·some·1 
is·a·open·1 
are·used·that·1 
the·nsp·the·1 
Linux·or·OS·1 
as·well·as·1 
guide·is·structured·1 
package·which·produces·1 
5·Instead·it·1 
lie·in·the·1 
cf·-·Banerjee·1 
operating·system·and·1 
their·operation·are·1 
some·background·to·1 
statistics·module·on·1 
methods·but·others·1 
language·using·corpus·1 
accessed·in·Linux·1 
operation·of·the·1 
well·-·established·1 
are·introduced·in·1 
the·statistics·in·1 
and·how·it·1 
covering·the·history·1 
list·creation·and·1 
occurs·in·addition·1 
i·e·the·1 
on·the·codebase·1 
nsp·the·main·1 
The·ngp·was·1 
It·assumes·basic·1 
of·word·n·1 
software·using·a·1 
and·their·burstiness·1 
and·the·key·1 
hence·the·statistics·1 
the·main·differences·1 
guide·concludes·with·1 
which·is·of·1 
to·supercomputers·personal·1 
collaborators·cf·-·1 
data·on·the·1 
codebase·of·the·1 
entirely·separate·package·1 
terms·of·soft·1 
of·how·to·1 
in·common·expressions·1 
in·humanities·departments·1 
and·hardware·and·1 
on·the·ability·1 
it·makes·it·1 
on·the·processing·1 
makes·it·possible·1 
installations·of·the·1 
can·be·got·1 
ngp·was·put·1 
change·in·common·1 
frequency·which·is·1 
using·a·command·1 
statistical·measures·of·1 
10·a·re·1 
OS·X·through·1 
-·Banerjee·2003·1 
the·nsp·identical·1 
features·of·the·1 
like·operating·system·1 
soft·-·and·1 
nsp·For·the·1 
nsp·by·Bjoern·1 
For·the·benefit·1 
settings·are·used·1 
lists·of·word·1 
and·a·rudimentary·1 
nsp·statistics·module·1 
is·and·how·1 
data·see·section·1 
background·to·the·1 
an·introduction·to·1 
PhD·thesis·to·1 
well·This·brief·1 
-·gram·list·1 
gram·list·creation·1 
common·expressions·i·1 
basic·familiarity·with·1 
guidance·will·be·1 
rudimentary·understanding·of·1 
under·certain·circumstances·1 
of·vital·importance·1 
the·code·base·1 
operation·are·introduced·1 
in·section·3·1 
simple·enough·to·1 
association·of·listed·1 
the·key·features·1 
shown·in·section·1 
computers·that·can·1 
corpus·linguistic·methods·1 
is·given·covering·1 
document·frequency·i·1 
through·the·application·1 
is·shown·in·1 
the·course·of·1 
possible·to·use·1 
produce·lists·of·1 
data·including·data·1 
and·processes·lists·1 
to·track·document·1 
as·follows·in·1 
This·brief·guide·1 
final·comments·about·1 
measures·of·association·1 
If·settings·are·1 
write·of·the·1 
software·package·which·1 
discusses·compatibility·with·1 
nsp·and·thus·1 
though·under·certain·1 
so·only·minimal·1 
a·re·-·1 
-·and·the·1 
re·-·write·1 
ngp·is·given·1 
X·through·the·1 
ngp·is·simple·1 
frequencies·out·of·1 
the·application·Terminal·1 
Statistics·Package·nsp·1 
relatively·low·-·1 
only·minimal·guidance·1 
what·the·ngp·1 
the·reader·to·1 
in·section·4·1 
to·use·the·1 
compatibility·with·the·1 
nsp·on·the·1 
packages·lie·in·1 
linguistic·methods·but·1 
1·09·by·1 
as·well·This·1 
of·association·of·1 
in·the·next·1 
specifically·version·1·1 
whereas·the·ngp·1 
in·the·focus·1 
the·processing·of·1 
Instead·it·makes·1 
i·e·in·1 
an·n·-·1 
is·possible·to·1 
with·the·nsp·1 
brief·guide·will·1 
the·task·of·1 
to·help·me·1 
it·possible·to·1 
that·can·be·1 
find·its·functions·1 
word·n·-·1 
enough·to·produce·1 
was·put·together·1 
to·the·task·1 
comments·about·n·1 
Pedersen·Satanjeev·Banerjee·1 
This·guide·is·1 
such·matters·This·1 
Bjoern·Wilmsmann·cf·1 
of·multilingual·data·1 
put·together·during·1 
particular·n·-·1 
introduction·to·the·1 
large·r·amounts·1 
of·soft·-·1 
will·be·provided·1 
between·the·two·1 
gram·occurs·in·1 
of·listed·n·1 
in·terms·of·1 
include·a·statistics·1 
of·those·already·1 
nsp·identical·output·1 
software·packages·lie·1 
but·others·may·1 
creation·and·the·1 
UNIX·-·like·1 
the·ability·to·1 
of·the·code·1 
Banerjee·and·collaborators·1 
Processor·ngp·is·1 
in·formulaic·language·1 
5·discusses·compatibility·1 
The·ngp·however·1 
low·-·spec·1 
working·with·corpus·1 
-·Banerjee·2003a·1 
the·ngp·as·1 
together·during·the·1 
significant·portion·of·1 
linguists·working·with·1 
ngp·is·and·1 
-·and·hardware·1 
open·-·source·1 
advanced·features·and·1 
differences·between·the·1 
Ted·Pedersen·Satanjeev·1 
how·to·run·1 
course·of·work·1 
-·Roman·script·1 
minimal·guidance·will·1 
how·it·works·1 
thesis·to·help·1 
not·interfere·with·1 
a·UNIX·-·1 
the·number·of·1 
It·is·a·1 
and·collaborators·cf·1 
of·statistical·measures·1 
of·data·on·1 
formulaic·language·using·1 
understanding·of·how·1 
Section·5·discusses·1 
given·covering·the·1 
name·whereas·the·1 
their·frequencies·out·1 
a·significant·portion·1 
examples·Some·more·1 
with·some·final·1 
the·distribution·of·1 
ngp·does·not·1 
is·now·a·1 
expressions·i·e·1 
some·final·comments·1 
is·a·branch·1 
Banerjee·2003·-·1 
identical·output·can·1 
system·and·a·1 
ngp·focuses·on·1 
3·using·examples·1 
