443
the·ngp·9 
n·-·7 
the·nsp·6 
-·grams·5 
ngp·is·5 
-·and·3 
The·ngp·2 
does·not·2 
statistics·module·2 
-·Banerjee·2 
possible·to·2 
Statistics·Package·2 
Ngram·Statistics·2 
The·N·2 
Gram·Processor·2 
-·Gram·2 
grams·and·2 
in·section·2 
of·n·2 
lists·of·2 
cf·-·2 
-·gram·2 
N·-·2 
i·e·2 
produce·lists·1 
re·-·1 
given·covering·1 
basic·familiarity·1 
in·common·1 
in·non·1 
familiarity·with·1 
a·entirely·1 
the·guide·1 
vital·importance·1 
those·already·1 
It·is·1 
makes·it·1 
circumstances·it·1 
a·significant·1 
Bjoern·Wilmsmann·1 
a·branch·1 
gram·list·1 
corpus·data·1 
that·project·1 
the·distribution·1 
overall·frequency·1 
software·packages·1 
is·accessed·1 
Package·nsp·1 
reader·to·1 
is·structured·1 
codebase·of·1 
its·functions·1 
departments·and·1 
For·the·1 
the·codebase·1 
package·and·1 
Installation·information·1 
introduced·in·1 
sort·of·1 
grams·hence·1 
of·association·1 
PhD·thesis·1 
an·n·1 
or·OS·1 
it·possible·1 
command·line·1 
document·frequency·1 
their·frequencies·1 
focuses·on·1 
Wilmsmann·2007·1 
like·operating·1 
files·Its·1 
to·produce·1 
interface·such·1 
run·software·1 
mirror·settings·1 
of·statistical·1 
matters·This·1 
interfere·with·1 
background·to·1 
This·guide·1 
If·settings·1 
the·code·1 
by·Bjoern·1 
task·of·1 
terms·of·1 
particular·n·1 
humanities·departments·1 
diachronic·change·1 
see·section·1 
in·formulaic·1 
assessing·the·1 
benefit·of·1 
of·particular·1 
to·overall·1 
corpus·linguistic·1 
some·final·1 
-·spec·1 
Section·5·1 
the·ability·1 
software·package·1 
in·Linux·1 
source·free·1 
on·output·1 
ability·to·1 
e·the·1 
key·features·1 
section·5·1 
r·amounts·1 
exactly·mirror·1 
was·put·1 
to·help·1 
This·brief·1 
include·a·1 
which·produces·1 
Also·the·1 
in·addition·1 
Satanjeev·Banerjee·1 
e·in·1 
X·through·1 
processing·of·1 
the·main·1 
Package·-·1 
focus·of·1 
collaborators·cf·1 
using·corpus·1 
is·shown·1 
occurs·in·1 
track·document·1 
a·rudimentary·1 
Terminal·so·1 
entirely·separate·1 
the·Ngram·1 
Ted·Pedersen·1 
data·It·1 
UNIX·-·1 
to·run·1 
together·during·1 
relatively·low·1 
ngp·focuses·1 
achieved·The·1 
nsp·statistics·1 
about·n·1 
assumes·basic·1 
not·interfere·1 
nsp·by·1 
study·diachronic·1 
some·background·1 
Instead·it·1 
basic·operation·1 
nsp·For·1 
importance·for·1 
word·n·1 
non·-·1 
separate·package·1 
Roman·script·1 
version·1·1 
name·whereas·1 
may·find·1 
got·hold·1 
association·of·1 
not·include·1 
features·of·1 
list·creation·1 
functions·useful·1 
personal·computers·1 
others·may·1 
a·open·1 
text·files·1 
be·achieved·1 
differences·between·1 
is·given·1 
the·basic·1 
me·study·1 
large·r·1 
produces·and·1 
provided·on·1 
examples·Some·1 
are·introduced·1 
well·This·1 
the·statistics·1 
09·by·1 
the·history·1 
familiar·with·1 
2003·-·1 
2003a·-·1 
useful·as·1 
their·operation·1 
to·process·1 
process·large·1 
-·write·1 
operation·of·1 
advanced·features·1 
the·reader·1 
information·requirements·1 
with·corpus·1 
my·PhD·1 
but·others·1 
operating·system·1 
follows·in·1 
requirements·in·1 
package·which·1 
specifically·version·1 
such·matters·1 
of·documents·1 
Some·more·1 
processes·lists·1 
established·Ngram·1 
creation·and·1 
identical·output·1 
write·of·1 
and·thus·1 
thesis·to·1 
output·data·1 
a·re·1 
ngp·as·1 
output·can·1 
concludes·with·1 
put·together·1 
the·course·1 
an·introduction·1 
1·10·1 
and·1·1 
section·some·1 
-·Roman·1 
will·typically·1 
is·simple·1 
5·discusses·1 
module·though·1 
and·collaborators·1 
be·linguists·1 
next·section·1 
listed·n·1 
for·assessing·1 
low·-·1 
and·hardware·1 
of·relatively·1 
line·interface·1 
ngp·was·1 
in·humanities·1 
-·like·1 
under·certain·1 
and·does·1 
simple·enough·1 
in·terms·1 
-·Wilmsmann·1 
a·command·1 
guidance·will·1 
find·its·1 
data·see·1 
frequency·which·1 
ngp·does·1 
10·a·1 
-·source·1 
using·examples·1 
Processor·ngp·1 
working·with·1 
of·multilingual·1 
however·is·1 
the·name·1 
nsp·the·1 
with·installations·1 
compared·to·1 
3·using·1 
significant·portion·1 
methods·but·1 
nsp·on·1 
free·software·1 
well·-·1 
OS·X·1 
only·minimal·1 
key·feature·1 
certain·circumstances·1 
is·possible·1 
expressions·i·1 
Banerjee·and·1 
feature·of·1 
Introduction·to·1 
section·4·1 
that·exactly·1 
main·differences·1 
guide·will·1 
documents·in·1 
structured·as·1 
enough·to·1 
module·on·1 
though·under·1 
thus·shares·1 
to·track·1 
discusses·compatibility·1 
code·base·1 
multilingual·data·1 
nsp·identical·1 
Its·users·1 
amounts·of·1 
Linux·or·1 
measures·of·1 
be·got·1 
ngp·however·1 
as·follows·1 
a·UNIX·1 
Banerjee·2003a·1 
gram·occurs·1 
to·supercomputers·1 
written·in·1 
Banerjee·2003·1 
the·task·1 
lie·in·1 
It·assumes·1 
compatibility·with·1 
features·and·1 
5·Instead·1 
the·key·1 
open·-·1 
covering·the·1 
linguists·working·1 
more·advanced·1 
guide·is·1 
of·word·1 
brief·guide·1 
supercomputers·personal·1 
data·written·1 
the·application·1 
language·using·1 
a·statistics·1 
nsp·and·1 
be·provided·1 
introduce·the·1 
the·sort·1 
already·familiar·1 
of·vital·1 
whereas·the·1 
the·focus·1 
computers·that·1 
The·key·1 
section·3·1 
settings·are·1 
Pedersen·Satanjeev·1 
it·works·1 
distribution·of·1 
hold·of·1 
settings·in·1 
formulaic·language·1 
hardware·and·1 
history·on·1 
help·me·1 
statistics·in·1 
4·Section·1 
minimal·guidance·1 
their·burstiness·1 
guide·concludes·1 
hence·the·1 
common·expressions·1 
calculation·of·1 
2007·-·1 
of·text·1 
final·comments·1 
of·listed·1 
1·09·1 
of·soft·1 
-·established·1 
spec·compared·1 
rudimentary·understanding·1 
ngp·Installation·1 
statistical·measures·1 
the·benefit·1 
the·processing·1 
typically·be·1 
on·my·1 
comments·about·1 
frequency·i·1 
project·specifically·1 
application·Terminal·1 
understanding·of·1 
addition·to·1 
introduction·to·1 
Wilmsmann·cf·1 
by·Ted·1 
soft·-·1 
and·processes·1 
operation·are·1 
it·makes·1 
the·calculation·1 
linguistic·methods·1 
course·of·1 
change·in·1 
accessed·in·1 
packages·lie·1 
branch·of·1 
base·with·1 
portion·of·1 
frequencies·out·1 
shown·in·1 
installations·of·1 
will·introduce·1 
