302
n·-·grams·3 
of·the·nsp·3 
corpus·data·It·1 
key·feature·of·1 
hold·of·in·1 
the·nsp·statistics·1 
certain·circumstances·it·1 
separate·package·and·1 
in·the·nsp·1 
and·thus·shares·1 
-·write·of·1 
frequency·i·e·1 
on·the·sort·1 
focuses·on·the·1 
can·be·achieved·1 
output·can·be·1 
distribution·of·particular·1 
on·output·data·1 
the·nsp·For·1 
cf·-·Wilmsmann·1 
now·a·entirely·1 
e·in·formulaic·1 
established·Ngram·Statistics·1 
module·on·output·1 
listed·n·-·1 
the·two·software·1 
which·an·n·1 
and·does·not·1 
work·on·my·1 
track·document·frequency·1 
see·section·5·1 
two·software·packages·1 
those·already·familiar·1 
benefit·of·those·1 
be·achieved·The·1 
of·the·well·1 
however·is·now·1 
base·with·that·1 
project·specifically·version·1 
by·Ted·Pedersen·1 
The·key·feature·1 
in·non·-·1 
possible·to·track·1 
-·gram·occurs·1 
on·my·PhD·1 
to·process·large·1 
calculation·of·statistical·1 
Satanjeev·Banerjee·and·1 
statistics·in·the·1 
the·ngp·focuses·1 
departments·and·on·1 
to·produce·lists·1 
the·ngp·does·1 
amounts·of·data·1 
written·in·non·1 
of·documents·in·1 
lists·of·n·1 
version·1·09·1 
study·diachronic·change·1 
in·which·an·1 
that·project·specifically·1 
circumstances·it·is·1 
n·-·gram·1 
the·name·whereas·1 
focus·of·the·1 
be·got·hold·1 
sort·of·relatively·1 
the·ngp·is·1 
of·work·on·1 
the·focus·of·1 
main·differences·between·1 
used·that·exactly·1 
a·statistics·module·1 
the·nsp·on·1 
data·It·is·1 
documents·in·which·1 
processing·of·multilingual·1 
Also·the·ngp·1 
Wilmsmann·cf·-·1 
feature·of·the·1 
Package·nsp·and·1 
during·the·course·1 
statistics·module·though·1 
of·particular·n·1 
data·written·in·1 
does·not·include·1 
diachronic·change·in·1 
humanities·departments·and·1 
package·and·does·1 
assessing·the·distribution·1 
of·relatively·low·1 
to·the·ngp·1 
-·and·1·1 
process·large·r·1 
code·base·with·1 
that·exactly·mirror·1 
a·entirely·separate·1 
the·sort·of·1 
Ngram·Statistics·Package·1 
ngp·however·is·1 
of·the·ngp·1 
portion·of·the·1 
2003·-·and·1 
already·familiar·with·1 
interfere·with·installations·1 
of·n·-·1 
vital·importance·for·1 
mirror·settings·in·1 
-·established·Ngram·1 
personal·computers·that·1 
supercomputers·personal·computers·1 
thus·shares·a·1 
compared·to·supercomputers·1 
shares·a·significant·1 
number·of·documents·1 
the·calculation·of·1 
overall·frequency·which·1 
multilingual·data·including·1 
09·by·Ted·1 
got·hold·of·1 
achieved·The·ngp·1 
branch·of·the·1 
with·that·project·1 
Introduction·to·the·1 
exactly·mirror·settings·1 
help·me·study·1 
-·grams·and·1 
e·the·number·1 
Wilmsmann·2007·-·1 
of·in·humanities·1 
1·10·a·1 
grams·and·their·1 
-·spec·compared·1 
a·branch·of·1 
on·the·calculation·1 
my·PhD·thesis·1 
to·overall·frequency·1 
addition·to·overall·1 
and·on·the·1 
spec·compared·to·1 
the·benefit·of·1 
by·Bjoern·Wilmsmann·1 
using·corpus·data·1 
does·not·interfere·1 
me·study·diachronic·1 
-·Wilmsmann·2007·1 
not·include·a·1 
with·installations·of·1 
it·is·possible·1 
the·nsp·by·1 
module·though·under·1 
section·5·Instead·1 
r·amounts·of·1 
ability·to·process·1 
familiar·with·the·1 
non·-·Roman·1 
is·simple·enough·1 
-·grams·hence·1 
use·the·nsp·1 
output·data·see·1 
including·data·written·1 
grams·hence·the·1 
for·assessing·the·1 
settings·in·the·1 
the·well·-·1 
and·1·10·1 
importance·for·assessing·1 
is·of·vital·1 
in·the·name·1 
in·addition·to·1 
are·used·that·1 
the·nsp·the·1 
cf·-·Banerjee·1 
lie·in·the·1 
5·Instead·it·1 
language·using·corpus·1 
statistics·module·on·1 
well·-·established·1 
the·statistics·in·1 
occurs·in·addition·1 
i·e·the·1 
The·ngp·was·1 
nsp·the·main·1 
and·their·burstiness·1 
hence·the·statistics·1 
the·main·differences·1 
which·is·of·1 
collaborators·cf·-·1 
to·supercomputers·personal·1 
data·on·the·1 
entirely·separate·package·1 
in·common·expressions·1 
in·humanities·departments·1 
on·the·ability·1 
on·the·processing·1 
it·makes·it·1 
makes·it·possible·1 
installations·of·the·1 
change·in·common·1 
ngp·was·put·1 
can·be·got·1 
frequency·which·is·1 
10·a·re·1 
statistical·measures·of·1 
-·Banerjee·2003·1 
the·nsp·identical·1 
nsp·by·Bjoern·1 
nsp·For·the·1 
settings·are·used·1 
For·the·benefit·1 
nsp·statistics·module·1 
data·see·section·1 
PhD·thesis·to·1 
common·expressions·i·1 
under·certain·circumstances·1 
of·vital·importance·1 
the·code·base·1 
simple·enough·to·1 
association·of·listed·1 
computers·that·can·1 
document·frequency·i·1 
the·course·of·1 
possible·to·use·1 
produce·lists·of·1 
data·including·data·1 
to·track·document·1 
If·settings·are·1 
measures·of·association·1 
write·of·the·1 
nsp·and·thus·1 
though·under·certain·1 
a·re·-·1 
re·-·write·1 
ngp·is·simple·1 
Statistics·Package·nsp·1 
relatively·low·-·1 
to·use·the·1 
packages·lie·in·1 
nsp·on·the·1 
1·09·by·1 
of·association·of·1 
specifically·version·1·1 
in·the·focus·1 
whereas·the·ngp·1 
the·processing·of·1 
i·e·in·1 
Instead·it·makes·1 
an·n·-·1 
with·the·nsp·1 
is·possible·to·1 
to·help·me·1 
it·possible·to·1 
that·can·be·1 
enough·to·produce·1 
was·put·together·1 
Pedersen·Satanjeev·Banerjee·1 
Bjoern·Wilmsmann·cf·1 
put·together·during·1 
of·multilingual·data·1 
particular·n·-·1 
large·r·amounts·1 
between·the·two·1 
gram·occurs·in·1 
of·listed·n·1 
of·those·already·1 
include·a·statistics·1 
nsp·identical·output·1 
software·packages·lie·1 
the·ability·to·1 
of·the·code·1 
Banerjee·and·collaborators·1 
in·formulaic·language·1 
The·ngp·however·1 
low·-·spec·1 
together·during·the·1 
significant·portion·of·1 
course·of·work·1 
Ted·Pedersen·Satanjeev·1 
differences·between·the·1 
-·Roman·script·1 
thesis·to·help·1 
not·interfere·with·1 
the·number·of·1 
It·is·a·1 
and·collaborators·cf·1 
of·statistical·measures·1 
formulaic·language·using·1 
of·data·on·1 
name·whereas·the·1 
a·significant·portion·1 
the·distribution·of·1 
ngp·does·not·1 
is·now·a·1 
expressions·i·e·1 
is·a·branch·1 
Banerjee·2003·-·1 
identical·output·can·1 
ngp·focuses·on·1 
